------------------------------------------------------------
Timing Analyzer Summary
------------------------------------------------------------

Type  : Slow 1200mV 85C Model Setup 'pll_inst|altpll_component|auto_generated|pll1|clk[0]'
Slack : 7809.710
TNS   : 0.000

Type  : Slow 1200mV 85C Model Setup 'clk_500hz'
Slack : 1999990.719
TNS   : 0.000

Type  : Slow 1200mV 85C Model Hold 'pll_inst|altpll_component|auto_generated|pll1|clk[0]'
Slack : 0.465
TNS   : 0.000

Type  : Slow 1200mV 85C Model Hold 'clk_500hz'
Slack : 0.498
TNS   : 0.000

Type  : Slow 1200mV 85C Model Minimum Pulse Width 'clk_40m'
Slack : 12.358
TNS   : 0.000

Type  : Slow 1200mV 85C Model Minimum Pulse Width 'pll_inst|altpll_component|auto_generated|pll1|clk[0]'
Slack : 3905.970
TNS   : 0.000

Type  : Slow 1200mV 85C Model Minimum Pulse Width 'clk_500hz'
Slack : 999999.787
TNS   : 0.000

Type  : Slow 1200mV 0C Model Setup 'pll_inst|altpll_component|auto_generated|pll1|clk[0]'
Slack : 7809.979
TNS   : 0.000

Type  : Slow 1200mV 0C Model Setup 'clk_500hz'
Slack : 1999991.604
TNS   : 0.000

Type  : Slow 1200mV 0C Model Hold 'pll_inst|altpll_component|auto_generated|pll1|clk[0]'
Slack : 0.416
TNS   : 0.000

Type  : Slow 1200mV 0C Model Hold 'clk_500hz'
Slack : 0.462
TNS   : 0.000

Type  : Slow 1200mV 0C Model Minimum Pulse Width 'clk_40m'
Slack : 12.355
TNS   : 0.000

Type  : Slow 1200mV 0C Model Minimum Pulse Width 'pll_inst|altpll_component|auto_generated|pll1|clk[0]'
Slack : 3905.968
TNS   : 0.000

Type  : Slow 1200mV 0C Model Minimum Pulse Width 'clk_500hz'
Slack : 999999.773
TNS   : 0.000

Type  : Fast 1200mV 0C Model Setup 'pll_inst|altpll_component|auto_generated|pll1|clk[0]'
Slack : 7811.287
TNS   : 0.000

Type  : Fast 1200mV 0C Model Setup 'clk_500hz'
Slack : 1999994.798
TNS   : 0.000

Type  : Fast 1200mV 0C Model Hold 'pll_inst|altpll_component|auto_generated|pll1|clk[0]'
Slack : 0.193
TNS   : 0.000

Type  : Fast 1200mV 0C Model Hold 'clk_500hz'
Slack : 0.200
TNS   : 0.000

Type  : Fast 1200mV 0C Model Minimum Pulse Width 'clk_40m'
Slack : 11.923
TNS   : 0.000

Type  : Fast 1200mV 0C Model Minimum Pulse Width 'pll_inst|altpll_component|auto_generated|pll1|clk[0]'
Slack : 3906.049
TNS   : 0.000

Type  : Fast 1200mV 0C Model Minimum Pulse Width 'clk_500hz'
Slack : 999999.768
TNS   : 0.000

------------------------------------------------------------
